(Install systemd service - First time only)
sudo ln -sf $GLIB/ground/systemd/tof-bridge.service /etc/systemd/system/
sudo systemctl daemon-reload
sudo systemctl enable tof-bridge

(Check MQTT/MySQL)
systemctl status mosquitto
systemctl status mysql

(Run Setup)
source grams_tof_ground_env.sh
sudo -E python3 $GLIB/ground/bin/setup_db.py

(Run bridge)
sudo systemctl daemon-reload
sudo systemctl restart tof-bridge

(Monitor)
systemctl status tof-bridge
tail -f $GLIB/ground/log/proc.log

(Check Histograms and Logs)
mysql -u pgrams_user -p -D grams_tof -e "SELECT hname, COUNT(*) FROM tof_monitor GROUP BY hname;"
mysql -u pgrams_user -p -D grams_tof -e "SELECT level_str, component, message, timestamp FROM tof_logs ORDER BY id DESC LIMIT 10;"

(Wipe current data)
mysql -u pgrams_user -p -D grams_tof -e "TRUNCATE TABLE tof_monitor;"
mysql -u pgrams_user -p -D grams_tof -e "TRUNCATE TABLE tof_logs;"

ksakai@xps15:~/work/source/grams-tof/GroundOps/env$ mysql -h 127.0.0.1 -P 3306 -u pgrams_user -ppgrams_user grams_tof < /home/ksakai/work/source/grams-tof/GroundOps/sql/migrate_add_graph_parameter.sql
mysql: [Warning] Using a password on the command line interface can be insecure.
ksakai@xps15:~/work/source/grams-tof/GroundOps/env$ mysql -h 127.0.0.1 -P 3306 -u pgrams_user -ppgrams_user grams_tof -e "SHOW TABLES;"
mysql: [Warning] Using a password on the command line interface can be insecure.
+---------------------+
| Tables_in_grams_tof |
+---------------------+
| tof_graphs          |
| tof_logs            |
| tof_monitor         |
| tof_parameters      |
+---------------------+
